// Jest Snapshot v1, https://goo.gl/fbAQLP

exports[`Popup should render correctly 1`] = `
<div
  className="popupContainer"
>
  <default_1
    title="Import Mnemonic"
  />
  <form
    className="form-mnemonic"
    onSubmit={[Function]}
  >
    <WithStyles(ForwardRef(TextField))
      id="outlined-multiline-flexible"
      label="Multiline"
      multiline={true}
      onChange={[Function]}
      rowsMax="4"
      value="Controlled"
      variant="outlined"
    />
    <Input />
    <Input />
    <WithStyles(ForwardRef(Button))
      className="makeStyles-root-1"
      color="primary"
      type="submit"
    >
      Import
    </WithStyles(ForwardRef(Button))>
  </form>
</div>
`;
